// Jest Snapshot v1, https://goo.gl/fbAQLP

exports[`<Landing/> should render correctly 1`] = `
<div>
  Scalprum Component Mock
</div>
`;
