// Jest Snapshot v1, https://goo.gl/fbAQLP

exports[`Landing component renders authenticated page should render correctly 1`] = `
<Provider
  store={
    Object {
      "clearActions": [Function],
      "dispatch": [Function],
      "getActions": [Function],
      "getState": [Function],
      "replaceReducer": [Function],
      "subscribe": [Function],
    }
  }
>
  <BrowserRouter>
    <Router
      history={
        Object {
          "action": "POP",
          "block": [Function],
          "createHref": [Function],
          "go": [Function],
          "goBack": [Function],
          "goForward": [Function],
          "length": 1,
          "listen": [Function],
          "location": Object {
            "hash": "",
            "pathname": "/",
            "search": "",
            "state": undefined,
          },
          "push": [Function],
          "replace": [Function],
        }
      }
    >
      <withRouter(Landing)>
        <Route>
          <Landing
            history={
              Object {
                "action": "POP",
                "block": [Function],
                "createHref": [Function],
                "go": [Function],
                "goBack": [Function],
                "goForward": [Function],
                "length": 1,
                "listen": [Function],
                "location": Object {
                  "hash": "",
                  "pathname": "/",
                  "search": "",
                  "state": undefined,
                },
                "push": [Function],
                "replace": [Function],
              }
            }
            loadTechnologies={[Function]}
            location={
              Object {
                "hash": "",
                "pathname": "/",
                "search": "",
                "state": undefined,
              }
            }
            match={
              Object {
                "isExact": true,
                "params": Object {},
                "path": "/",
                "url": "/",
              }
            }
          >
            <Loading>
              <Connect(Main)>
                <Main>
                  <section
                    className="pf-l-page__main-section pf-c-page__main-section"
                    page-type=""
                  >
                    <Spinner
                      centered={true}
                    >
                      <div
                        className="ins-c-spinner ins-m-center"
                        role="status"
                      >
                        <span
                          className="pf-u-screen-reader"
                        >
                          Loading...
                        </span>
                      </div>
                    </Spinner>
                  </section>
                </Main>
              </Connect(Main)>
            </Loading>
          </Landing>
        </Route>
      </withRouter(Landing)>
    </Router>
  </BrowserRouter>
</Provider>
`;
