// Jest Snapshot v1, https://goo.gl/fbAQLP

exports[`Logout component should render correctly 1`] = `
<Logout>
  <section
    className="pf-l-page__main-section pf-c-page__main-section ins-c-page__logout"
  >
    <Title
      headingLevel="h1"
      size="3xl"
    >
      <h1
        className="pf-c-title pf-m-3xl"
      >
        You have logged out.
      </h1>
    </Title>
    <Button
      onClick={[Function]}
      variant="link"
    >
      <button
        aria-disabled={false}
        aria-label={null}
        className="pf-c-button pf-m-link"
        data-ouia-component-id="OUIA-Generated-Button-link-1"
        data-ouia-component-type="PF4/Button"
        data-ouia-safe={true}
        disabled={false}
        onClick={[Function]}
        role={null}
        type="button"
      >
        Take me home
      </button>
    </Button>
  </section>
</Logout>
`;
