// Jest Snapshot v1, https://goo.gl/fbAQLP

exports[`App component should render correctly 1`] = `<div />`;

exports[`App component should render correctly 2`] = `
<div>
  <span>
    Landing
  </span>
</div>
`;
