// Jest Snapshot v1, https://goo.gl/fbAQLP

exports[`Header component should render correctly 1`] = `
<PageHeader>
  <PageHeaderTitle
    title="Manage, automate, and optimize your IT"
  />
</PageHeader>
`;
