// Jest Snapshot v1, https://goo.gl/fbAQLP

exports[`Hero component should render correctly 1`] = `
<Connect(Main)>
  <Spinner
    centered={true}
  />
</Connect(Main)>
`;
